// Jest Snapshot v1, https://goo.gl/fbAQLP

exports[`changes the class when hovered 1`] = `
<div
  className="MuiBox-root css-0"
  style={
    {
      "alignItems": "center",
      "display": "flex",
      "flexDirection": "column",
      "justifyContent": "center",
      "width": "100%",
    }
  }
>
  <div
    className="MuiFormControl-root MuiTextField-root css-oqo43x-MuiFormControl-root-MuiTextField-root"
  >
    <div
      className="MuiInputBase-root MuiOutlinedInput-root MuiInputBase-colorPrimary MuiInputBase-formControl css-9ddj71-MuiInputBase-root-MuiOutlinedInput-root"
      onClick={[Function]}
    >
      <input
        aria-invalid={false}
        autoFocus={false}
        className="MuiInputBase-input MuiOutlinedInput-input css-1t8l2tu-MuiInputBase-input-MuiOutlinedInput-input"
        disabled={false}
        id=":r0:"
        onAnimationStart={[Function]}
        onBlur={[Function]}
        onChange={[Function]}
        onFocus={[Function]}
        placeholder="Enter your email"
        required={false}
        type="email"
      />
      <fieldset
        aria-hidden={true}
        className="MuiOutlinedInput-notchedOutline css-1d3z3hw-MuiOutlinedInput-notchedOutline"
      >
        <legend
          className="css-ihdtdm"
        >
          <span
            className="notranslate"
          >
            â€‹
          </span>
        </legend>
      </fieldset>
    </div>
  </div>
</div>
`;
